// Jest Snapshot v1, https://goo.gl/fbAQLP

exports[`Header should match the snapshot  1`] = `
<header>
  <h1>
     Tone Zone 
  </h1>
  <div
    className="header-bottom"
  >
     
  </div>
</header>
`;
