// Jest Snapshot v1, https://goo.gl/fbAQLP

exports[`App  should match the snapshot  1`] = `
<div>
  <Route
    exact={true}
    path="/"
    render={[Function]}
  />
  <Route
    path="/projects"
    render={[Function]}
  />
</div>
`;
